\unset ECHO
1..5
ok 1 - Check for existence of burlap after running lw_initialise
ok 2 - Check for the existence of burlap.burlap after running lw_initialise
ok 3 - Check for the existence of burlap.__livewire after running lw_initialise
ok 4 - Check for the existence of burlap.__lines after running lw_initialise
ok 5 - Check for the existence of burlap.__nodes after running lw_initialise
